// Jest Snapshot v1, https://goo.gl/fbAQLP

exports[`List Component it should render initial dom 1`] = `
Array [
  <div
    className="Container-fluid"
  >
    <h3>
      Notes
    </h3>
    <Input
      id="search"
      name="search"
      onChange={[Function]}
      placeholder="Enter your search term"
      type="text"
    />
    <ul
      className="list-group"
    />
    <Modal
      autoFocus={true}
      backdrop={true}
      backdropTransition={
        Object {
          "mountOnEnter": true,
          "timeout": 150,
        }
      }
      centered={false}
      fade={true}
      isOpen={false}
      keyboard={true}
      modalTransition={
        Object {
          "timeout": 300,
        }
      }
      onClosed={[Function]}
      onOpened={[Function]}
      returnFocusAfterClose={true}
      role="dialog"
      scrollable={false}
      unmountOnClose={true}
      zIndex={1050}
    >
      <ModalHeader
        charCode={215}
        closeAriaLabel="Close"
        tag="h5"
        wrapTag="div"
      >
        Note Display
      </ModalHeader>
      <ModalBody
        tag="div"
      >
        <p />
      </ModalBody>
      <ModalFooter
        tag="div"
      >
        <Button
          color="secondary"
          onClick={[Function]}
          tag="button"
        >
          close
        </Button>
      </ModalFooter>
    </Modal>
  </div>,
]
`;
